###############################################################################
#
# IAR ELF Linker V8.32.1.169/W32 for ARM                  16/Jan/2019  17:54:06
# Copyright 2007-2018 IAR Systems AB.
#
#    Output file  =  
#        \\Mac\Home\Desktop\STM32F103\code_prj\UART2_DMA\EWARM\UART2_DMA.out
#    Map file     =  
#        \\Mac\Home\Desktop\STM32F103\code_prj\UART2_DMA\EWARM\UART2_DMA.map
#    Command line =  
#        -f C:\Users\Silence\AppData\Local\Temp\EW3FEF.tmp
#        (\\Mac\Home\Desktop\STM32F103\code_prj\UART2_DMA\EWARM\main.o
#        \\Mac\Home\Desktop\STM32F103\code_prj\UART2_DMA\EWARM\startup_stm32f103xe.o
#        \\Mac\Home\Desktop\STM32F103\code_prj\UART2_DMA\EWARM\stm32f1xx_hal.o
#        \\Mac\Home\Desktop\STM32F103\code_prj\UART2_DMA\EWARM\stm32f1xx_hal_cortex.o
#        \\Mac\Home\Desktop\STM32F103\code_prj\UART2_DMA\EWARM\stm32f1xx_hal_dma.o
#        \\Mac\Home\Desktop\STM32F103\code_prj\UART2_DMA\EWARM\stm32f1xx_hal_flash.o
#        \\Mac\Home\Desktop\STM32F103\code_prj\UART2_DMA\EWARM\stm32f1xx_hal_flash_ex.o
#        \\Mac\Home\Desktop\STM32F103\code_prj\UART2_DMA\EWARM\stm32f1xx_hal_gpio.o
#        \\Mac\Home\Desktop\STM32F103\code_prj\UART2_DMA\EWARM\stm32f1xx_hal_gpio_ex.o
#        \\Mac\Home\Desktop\STM32F103\code_prj\UART2_DMA\EWARM\stm32f1xx_hal_msp.o
#        \\Mac\Home\Desktop\STM32F103\code_prj\UART2_DMA\EWARM\stm32f1xx_hal_pwr.o
#        \\Mac\Home\Desktop\STM32F103\code_prj\UART2_DMA\EWARM\stm32f1xx_hal_rcc.o
#        \\Mac\Home\Desktop\STM32F103\code_prj\UART2_DMA\EWARM\stm32f1xx_hal_rcc_ex.o
#        \\Mac\Home\Desktop\STM32F103\code_prj\UART2_DMA\EWARM\stm32f1xx_hal_tim.o
#        \\Mac\Home\Desktop\STM32F103\code_prj\UART2_DMA\EWARM\stm32f1xx_hal_tim_ex.o
#        \\Mac\Home\Desktop\STM32F103\code_prj\UART2_DMA\EWARM\stm32f1xx_hal_uart.o
#        \\Mac\Home\Desktop\STM32F103\code_prj\UART2_DMA\EWARM\stm32f1xx_it.o
#        \\Mac\Home\Desktop\STM32F103\code_prj\UART2_DMA\EWARM\system_stm32f1xx.o
#        --redirect _Printf=_PrintfFull --redirect _Scanf=_ScanfFull
#        --no_out_extension -o
#        \\Mac\Home\Desktop\STM32F103\code_prj\UART2_DMA\EWARM\UART2_DMA.out
#        --map
#        \\Mac\Home\Desktop\STM32F103\code_prj\UART2_DMA\EWARM\UART2_DMA.map
#        --config
#        \\Mac\Home\Desktop\STM32F103\code_prj\UART2_DMA\EWARM/stm32f103xe_flash.icf
#        --semihosting --entry __iar_program_start --vfe --text_out locale)
#
###############################################################################

*******************************************************************************
*** RUNTIME MODEL ATTRIBUTES
***

CppFlavor       = *
__SystemLibrary = DLib
__dlib_version  = 6


*******************************************************************************
*** HEAP SELECTION
***

The basic heap was selected because no calls to memory allocation
functions were found in the application outside of system library
functions, and there are calls to deallocation functions in the
application.


*******************************************************************************
*** PLACEMENT SUMMARY
***

"A0":  place at 0x800'0000 { ro section .intvec };
"P1":  place in [from 0x800'0000 to 0x807'ffff] { ro };
define block CSTACK with size = 1K, alignment = 8 { };
define block HEAP with size = 512, alignment = 8 { };
"P2":  place in [from 0x2000'0000 to 0x2000'ffff] {
          rw, block CSTACK, block HEAP };
initialize by copy { rw };

  Section            Kind         Address    Size  Object
  -------            ----         -------    ----  ------
"A0":                                       0x130
  .intvec            ro code   0x800'0000   0x130  startup_stm32f103xe.o [1]
                             - 0x800'0130   0x130

"P1":                                      0x2078
  .text              ro code   0x800'0130   0x714  stm32f1xx_hal_uart.o [1]
  .text              ro code   0x800'0844   0x134  stm32f1xx_hal_msp.o [1]
  .text              ro code   0x800'0978   0x6e4  stm32f1xx_hal_dma.o [1]
  .text              ro code   0x800'105c     0x2  stm32f1xx_hal_uart.o [1]
  .text              ro code   0x800'105e     0x2  stm32f1xx_hal_uart.o [1]
  .text              ro code   0x800'1060     0x2  stm32f1xx_hal_uart.o [1]
  .text              ro code   0x800'1062    0x3a  zero_init3.o [3]
  .text              ro code   0x800'109c   0x190  stm32f1xx_it.o [1]
  .text              ro code   0x800'122c   0x65c  stm32f1xx_hal_rcc.o [1]
  .text              ro code   0x800'1888     0x6  ABImemclr4.o [3]
  .rodata            const     0x800'188e     0x2  stm32f1xx_hal_rcc.o [1]
  .text              ro code   0x800'1890   0x288  stm32f1xx_hal_gpio.o [1]
  .text              ro code   0x800'1b18   0x15e  main.o [1]
  .text              ro code   0x800'1c78   0x14c  stm32f1xx_hal_cortex.o [1]
  .text              ro code   0x800'1dc4    0x18  stm32f1xx_hal.o [1]
  .text              ro code   0x800'1ddc    0xa6  ABImemcpy.o [3]
  .text              ro code   0x800'1e84     0xc  stm32f1xx_hal.o [1]
  .text              ro code   0x800'1e90    0x4c  stm32f1xx_hal.o [1]
  .text              ro code   0x800'1edc    0x32  ABImemset48.o [3]
  .text              ro code   0x800'1f10    0x24  stm32f1xx_hal.o [1]
  .text              ro code   0x800'1f34    0x28  stm32f1xx_hal.o [1]
  .text              ro code   0x800'1f5c    0x58  system_stm32f1xx.o [1]
  .text              ro code   0x800'1fb4    0x2c  copy_init3.o [3]
  .text              ro code   0x800'1fe0    0x28  data_init.o [3]
  .iar.init_table    const     0x800'2008    0x24  - Linker created -
  .text              ro code   0x800'202c    0x1e  cmain.o [3]
  .text              ro code   0x800'204a     0x4  low_level_init.o [2]
  .text              ro code   0x800'204e     0x4  exit.o [2]
  .text              ro code   0x800'2054     0xa  cexit.o [3]
  .text              ro code   0x800'2060    0x14  exit.o [4]
  .rodata            const     0x800'2074    0x10  stm32f1xx_hal_rcc.o [1]
  .rodata            const     0x800'2084    0x10  system_stm32f1xx.o [1]
  .text              ro code   0x800'2094    0x10  startup_stm32f103xe.o [1]
  .text              ro code   0x800'20a4     0xc  cstartup_M.o [3]
  Initializer bytes  const     0x800'20b0     0xc  <for P2-1>
  .rodata            const     0x800'20bc     0x8  system_stm32f1xx.o [1]
  .text              ro code   0x800'20c4     0x4  startup_stm32f103xe.o [1]
  .text              ro code   0x800'20c8     0x4  startup_stm32f103xe.o [1]
  .text              ro code   0x800'20cc     0x4  startup_stm32f103xe.o [1]
  .text              ro code   0x800'20d0     0x4  startup_stm32f103xe.o [1]
  .text              ro code   0x800'20d4     0x4  startup_stm32f103xe.o [1]
  .text              ro code   0x800'20d8     0x4  startup_stm32f103xe.o [1]
  .text              ro code   0x800'20dc     0x4  startup_stm32f103xe.o [1]
  .text              ro code   0x800'20e0     0x4  startup_stm32f103xe.o [1]
  .text              ro code   0x800'20e4     0x4  startup_stm32f103xe.o [1]
  .text              ro code   0x800'20e8     0x4  startup_stm32f103xe.o [1]
  .text              ro code   0x800'20ec     0x4  startup_stm32f103xe.o [1]
  .text              ro code   0x800'20f0     0x4  startup_stm32f103xe.o [1]
  .text              ro code   0x800'20f4     0x4  startup_stm32f103xe.o [1]
  .text              ro code   0x800'20f8     0x4  startup_stm32f103xe.o [1]
  .text              ro code   0x800'20fc     0x4  startup_stm32f103xe.o [1]
  .text              ro code   0x800'2100     0x4  startup_stm32f103xe.o [1]
  .text              ro code   0x800'2104     0x4  startup_stm32f103xe.o [1]
  .text              ro code   0x800'2108     0x4  startup_stm32f103xe.o [1]
  .text              ro code   0x800'210c     0x4  startup_stm32f103xe.o [1]
  .text              ro code   0x800'2110     0x4  startup_stm32f103xe.o [1]
  .text              ro code   0x800'2114     0x4  startup_stm32f103xe.o [1]
  .text              ro code   0x800'2118     0x4  startup_stm32f103xe.o [1]
  .text              ro code   0x800'211c     0x4  startup_stm32f103xe.o [1]
  .text              ro code   0x800'2120     0x4  startup_stm32f103xe.o [1]
  .text              ro code   0x800'2124     0x4  startup_stm32f103xe.o [1]
  .text              ro code   0x800'2128     0x4  startup_stm32f103xe.o [1]
  .text              ro code   0x800'212c     0x4  startup_stm32f103xe.o [1]
  .text              ro code   0x800'2130     0x4  startup_stm32f103xe.o [1]
  .text              ro code   0x800'2134     0x4  startup_stm32f103xe.o [1]
  .text              ro code   0x800'2138     0x4  startup_stm32f103xe.o [1]
  .text              ro code   0x800'213c     0x4  startup_stm32f103xe.o [1]
  .text              ro code   0x800'2140     0x4  startup_stm32f103xe.o [1]
  .text              ro code   0x800'2144     0x4  startup_stm32f103xe.o [1]
  .text              ro code   0x800'2148     0x4  startup_stm32f103xe.o [1]
  .text              ro code   0x800'214c     0x4  startup_stm32f103xe.o [1]
  .text              ro code   0x800'2150     0x4  startup_stm32f103xe.o [1]
  .text              ro code   0x800'2154     0x4  startup_stm32f103xe.o [1]
  .text              ro code   0x800'2158     0x4  startup_stm32f103xe.o [1]
  .text              ro code   0x800'215c     0x4  startup_stm32f103xe.o [1]
  .text              ro code   0x800'2160     0x4  startup_stm32f103xe.o [1]
  .text              ro code   0x800'2164     0x4  startup_stm32f103xe.o [1]
  .text              ro code   0x800'2168     0x4  startup_stm32f103xe.o [1]
  .text              ro code   0x800'216c     0x4  startup_stm32f103xe.o [1]
  .text              ro code   0x800'2170     0x4  startup_stm32f103xe.o [1]
  .text              ro code   0x800'2174     0x4  startup_stm32f103xe.o [1]
  .text              ro code   0x800'2178     0x4  startup_stm32f103xe.o [1]
  .text              ro code   0x800'217c     0x4  startup_stm32f103xe.o [1]
  .text              ro code   0x800'2180     0x4  startup_stm32f103xe.o [1]
  .text              ro code   0x800'2184     0x4  startup_stm32f103xe.o [1]
  .text              ro code   0x800'2188     0x4  startup_stm32f103xe.o [1]
  .text              ro code   0x800'218c     0x4  startup_stm32f103xe.o [1]
  .text              ro code   0x800'2190     0x4  startup_stm32f103xe.o [1]
  .text              ro code   0x800'2194     0x4  startup_stm32f103xe.o [1]
  .text              ro code   0x800'2198     0x4  startup_stm32f103xe.o [1]
  .text              ro code   0x800'219c     0x4  startup_stm32f103xe.o [1]
  .text              ro code   0x800'21a0     0x4  startup_stm32f103xe.o [1]
  .text              ro code   0x800'21a4     0x4  startup_stm32f103xe.o [1]
  .rodata            const     0x800'21a8     0x0  zero_init3.o [3]
  .rodata            const     0x800'21a8     0x0  copy_init3.o [3]
                             - 0x800'21a8  0x2078

"P2", part 1 of 3:                            0xc
  P2-1                        0x2000'0000     0x9  <Init block>
    .data            inited   0x2000'0000     0x4  stm32f1xx_hal.o [1]
    .data            inited   0x2000'0004     0x4  system_stm32f1xx.o [1]
    .data            inited   0x2000'0008     0x1  stm32f1xx_hal.o [1]
                            - 0x2000'0009     0x9

"P2", part 2 of 3:                          0x318
  .bss               zero     0x2000'000c   0x100  main.o [1]
  .bss               zero     0x2000'010c   0x100  main.o [1]
  .bss               zero     0x2000'020c    0x44  main.o [1]
  .bss               zero     0x2000'0250    0x44  main.o [1]
  .bss               zero     0x2000'0294    0x40  main.o [1]
  .bss               zero     0x2000'02d4    0x40  main.o [1]
  .bss               zero     0x2000'0314     0x4  stm32f1xx_hal.o [1]
  .bss               zero     0x2000'0318     0x4  stm32f1xx_it.o [1]
  .bss               zero     0x2000'031c     0x4  stm32f1xx_it.o [1]
  .bss               zero     0x2000'0320     0x2  main.o [1]
  .bss               zero     0x2000'0322     0x1  main.o [1]
  .bss               zero     0x2000'0323     0x1  stm32f1xx_it.o [1]
                            - 0x2000'0324   0x318

"P2", part 3 of 3:                          0x400
  CSTACK                      0x2000'0328   0x400  <Block>
    CSTACK           uninit   0x2000'0328   0x400  <Block tail>
                            - 0x2000'0728   0x400

Unused ranges:

         From           To      Size
         ----           --      ----
   0x800'21a8   0x807'ffff  0x7'de58
  0x2000'0324  0x2000'0327       0x4
  0x2000'0728  0x2000'ffff    0xf8d8


*******************************************************************************
*** INIT TABLE
***

          Address      Size
          -------      ----
Zero (__iar_zero_init3)
    1 destination range, total size 0x318:
          0x2000'000c  0x318

Copy (__iar_copy_init3)
    1 source range, total size 0xc (133% of destination):
           0x800'20b0    0xc
    1 destination range, total size 0x9:
          0x2000'0000    0x9



*******************************************************************************
*** MODULE SUMMARY
***

    Module                  ro code  ro data  rw data
    ------                  -------  -------  -------
command line/config:
    -------------------------------------------------
    Total:

\\Mac\Home\Desktop\STM32F103\code_prj\UART2_DMA\EWARM: [1]
    main.o                      350               779
    startup_stm32f103xe.o       548
    stm32f1xx_hal.o             188        5        9
    stm32f1xx_hal_cortex.o      332
    stm32f1xx_hal_dma.o       1 764
    stm32f1xx_hal_gpio.o        648
    stm32f1xx_hal_msp.o         308
    stm32f1xx_hal_rcc.o       1 628       18
    stm32f1xx_hal_uart.o      1 818
    stm32f1xx_it.o              400                 9
    system_stm32f1xx.o           88       28        4
    -------------------------------------------------
    Total:                    8 072       51      801

dl7M_tlf.a: [2]
    exit.o                        4
    low_level_init.o              4
    -------------------------------------------------
    Total:                        8

rt7M_tl.a: [3]
    ABImemclr4.o                  6
    ABImemcpy.o                 166
    ABImemset48.o                50
    cexit.o                      10
    cmain.o                      30
    copy_init3.o                 44
    cstartup_M.o                 12
    data_init.o                  40
    zero_init3.o                 58
    -------------------------------------------------
    Total:                      416

shb_l.a: [4]
    exit.o                       20
    -------------------------------------------------
    Total:                       20

    Gaps                         10
    Linker created                        39    1 024
-----------------------------------------------------
    Grand Total:              8 526       90    1 825


*******************************************************************************
*** ENTRY LIST
***

Entry                       Address   Size  Type      Object
-----                       -------   ----  ----      ------
.iar.init_table$$Base    0x800'2008          --   Gb  - Linker created -
.iar.init_table$$Limit   0x800'202c          --   Gb  - Linker created -
?main                    0x800'202d         Code  Gb  cmain.o [3]
AHBPrescTable            0x800'2084   0x10  Data  Gb  system_stm32f1xx.o [1]
APBPrescTable            0x800'20bc    0x8  Data  Gb  system_stm32f1xx.o [1]
BusFault_Handler         0x800'10a3    0x2  Code  Gb  stm32f1xx_it.o [1]
CSTACK$$Base            0x2000'0328          --   Gb  - Linker created -
CSTACK$$Limit           0x2000'0728          --   Gb  - Linker created -
DMA1_Channel6_IRQHandler
                         0x800'10b5    0xa  Code  Gb  stm32f1xx_it.o [1]
DMA1_Channel7_IRQHandler
                         0x800'10bf    0xa  Code  Gb  stm32f1xx_it.o [1]
DMA_SetConfig            0x800'1031   0x2c  Code  Lc  stm32f1xx_hal_dma.o [1]
DebugMon_Handler         0x800'10a9    0x2  Code  Gb  stm32f1xx_it.o [1]
Error_Handler            0x800'1c75    0x2  Code  Gb  main.o [1]
HAL_DMA_Abort_IT         0x800'0a9f  0x1be  Code  Gb  stm32f1xx_hal_dma.o [1]
HAL_DMA_IRQHandler       0x800'0ca1  0x358  Code  Gb  stm32f1xx_hal_dma.o [1]
HAL_DMA_Init             0x800'0979   0x8e  Code  Gb  stm32f1xx_hal_dma.o [1]
HAL_DMA_Start_IT         0x800'0a07   0x98  Code  Gb  stm32f1xx_hal_dma.o [1]
HAL_Delay                0x800'1f35   0x28  Code  Wk  stm32f1xx_hal.o [1]
HAL_GPIO_Init            0x800'1891  0x23e  Code  Gb  stm32f1xx_hal_gpio.o [1]
HAL_GetTick              0x800'1e85    0xc  Code  Wk  stm32f1xx_hal.o [1]
HAL_IncTick              0x800'1dc5   0x18  Code  Wk  stm32f1xx_hal.o [1]
HAL_Init                 0x800'1f11   0x20  Code  Gb  stm32f1xx_hal.o [1]
HAL_InitTick             0x800'1e91   0x4c  Code  Wk  stm32f1xx_hal.o [1]
HAL_MspInit              0x800'0845   0x2e  Code  Gb  stm32f1xx_hal_msp.o [1]
HAL_NVIC_EnableIRQ       0x800'1d89    0xe  Code  Gb  stm32f1xx_hal_cortex.o [1]
HAL_NVIC_SetPriority     0x800'1d5f   0x2a  Code  Gb  stm32f1xx_hal_cortex.o [1]
HAL_NVIC_SetPriorityGrouping
                         0x800'1d53    0xc  Code  Gb  stm32f1xx_hal_cortex.o [1]
HAL_RCC_ClockConfig      0x800'15ed  0x190  Code  Gb  stm32f1xx_hal_rcc.o [1]
HAL_RCC_GetHCLKFreq      0x800'17ed    0x6  Code  Gb  stm32f1xx_hal_rcc.o [1]
HAL_RCC_GetPCLK1Freq     0x800'17f3   0x16  Code  Gb  stm32f1xx_hal_rcc.o [1]
HAL_RCC_GetPCLK2Freq     0x800'1809   0x16  Code  Gb  stm32f1xx_hal_rcc.o [1]
HAL_RCC_GetSysClockFreq
                         0x800'177d   0x70  Code  Gb  stm32f1xx_hal_rcc.o [1]
HAL_RCC_OscConfig        0x800'122d  0x3c0  Code  Gb  stm32f1xx_hal_rcc.o [1]
HAL_SYSTICK_Config       0x800'1d97    0xc  Code  Gb  stm32f1xx_hal_cortex.o [1]
HAL_UART_IRQHandler      0x800'02f3  0x14a  Code  Gb  stm32f1xx_hal_uart.o [1]
HAL_UART_Init            0x800'0131   0x76  Code  Gb  stm32f1xx_hal_uart.o [1]
HAL_UART_MspInit         0x800'0873   0xe4  Code  Gb  stm32f1xx_hal_msp.o [1]
HAL_UART_Receive_DMA     0x800'023d   0xb6  Code  Gb  stm32f1xx_hal_uart.o [1]
HAL_UART_RxCpltCallback
                         0x800'1219    0xa  Code  Gb  stm32f1xx_it.o [1]
HAL_UART_RxHalfCpltCallback
                         0x800'1223    0xa  Code  Gb  stm32f1xx_it.o [1]
HAL_UART_Transmit_DMA    0x800'01a7   0x96  Code  Gb  stm32f1xx_hal_uart.o [1]
HardFault_Handler        0x800'109f    0x2  Code  Gb  stm32f1xx_it.o [1]
MX_DMA_Init              0x800'1c03   0x38  Code  Lc  main.o [1]
MX_GPIO_Init             0x800'1c3b   0x1a  Code  Lc  main.o [1]
MX_USART2_UART_Init      0x800'1bc1   0x42  Code  Lc  main.o [1]
MemManage_Handler        0x800'10a1    0x2  Code  Gb  stm32f1xx_it.o [1]
NMI_Handler              0x800'109d    0x2  Code  Gb  stm32f1xx_it.o [1]
NVIC_EnableIRQ           0x800'1ca1   0x16  Code  Lc  stm32f1xx_hal_cortex.o [1]
NVIC_EncodePriority      0x800'1ce3   0x40  Code  Lc  stm32f1xx_hal_cortex.o [1]
NVIC_GetPriorityGrouping
                         0x800'1c97    0xa  Code  Lc  stm32f1xx_hal_cortex.o [1]
NVIC_SetPriority         0x800'1cb7   0x2c  Code  Lc  stm32f1xx_hal_cortex.o [1]
NVIC_SetPriorityGrouping
                         0x800'1c79   0x1e  Code  Lc  stm32f1xx_hal_cortex.o [1]
PendSV_Handler           0x800'10ab    0x2  Code  Gb  stm32f1xx_it.o [1]
RCC_Delay                0x800'181f   0x26  Code  Lc  stm32f1xx_hal_rcc.o [1]
Region$$Table$$Base      0x800'2008          --   Gb  - Linker created -
Region$$Table$$Limit     0x800'202c          --   Gb  - Linker created -
SVC_Handler              0x800'10a7    0x2  Code  Gb  stm32f1xx_it.o [1]
SysTick_Config           0x800'1d23   0x30  Code  Lc  stm32f1xx_hal_cortex.o [1]
SysTick_Handler          0x800'10ad    0x8  Code  Gb  stm32f1xx_it.o [1]
SystemClock_Config       0x800'1b5d   0x64  Code  Gb  main.o [1]
SystemCoreClock         0x2000'0004    0x4  Data  Gb  system_stm32f1xx.o [1]
SystemInit               0x800'1f5d   0x3e  Code  Gb  system_stm32f1xx.o [1]
UART_DMAAbortOnError     0x800'0565   0x16  Code  Lc  stm32f1xx_hal_uart.o [1]
UART_DMAError            0x800'04d5   0x58  Code  Lc  stm32f1xx_hal_uart.o [1]
UART_DMAReceiveCplt      0x800'0481   0x44  Code  Lc  stm32f1xx_hal_uart.o [1]
UART_DMARxHalfCplt       0x800'04c5    0xe  Code  Lc  stm32f1xx_hal_uart.o [1]
UART_DMATransmitCplt     0x800'043d   0x34  Code  Lc  stm32f1xx_hal_uart.o [1]
UART_DMATxHalfCplt       0x800'0471    0xe  Code  Lc  stm32f1xx_hal_uart.o [1]
UART_EndRxTransfer       0x800'0541   0x20  Code  Lc  stm32f1xx_hal_uart.o [1]
UART_EndTransmit_IT      0x800'05eb   0x20  Code  Lc  stm32f1xx_hal_uart.o [1]
UART_EndTxTransfer       0x800'052d   0x14  Code  Lc  stm32f1xx_hal_uart.o [1]
UART_Receive_IT          0x800'060b   0xae  Code  Lc  stm32f1xx_hal_uart.o [1]
UART_SetConfig           0x800'06b9  0x184  Code  Lc  stm32f1xx_hal_uart.o [1]
UART_Transmit_IT         0x800'057d   0x6e  Code  Lc  stm32f1xx_hal_uart.o [1]
USART2_IRQHandler        0x800'11bf   0x2e  Code  Gb  stm32f1xx_it.o [1]
UsageFault_Handler       0x800'10a5    0x2  Code  Gb  stm32f1xx_it.o [1]
UsartProcessData         0x800'10c9   0x94  Code  Gb  stm32f1xx_it.o [1]
UsartProcessData::cache_pos
                        0x2000'0318    0x4  Data  Lc  stm32f1xx_it.o [1]
UsartRxCheck             0x800'115d   0x62  Code  Gb  stm32f1xx_it.o [1]
UsartRxCheck::old_pos   0x2000'031c    0x4  Data  Lc  stm32f1xx_it.o [1]
__aeabi_memclr4          0x800'1889         Code  Gb  ABImemclr4.o [3]
__aeabi_memcpy           0x800'1ddd         Code  Gb  ABImemcpy.o [3]
__aeabi_memcpy4          0x800'1dfd         Code  Gb  ABImemcpy.o [3]
__aeabi_memcpy8          0x800'1dfd         Code  Gb  ABImemcpy.o [3]
__cmain                  0x800'202d         Code  Gb  cmain.o [3]
__exit                   0x800'2061   0x14  Code  Gb  exit.o [4]
__iar_Memset4_word       0x800'1edd         Code  Gb  ABImemset48.o [3]
__iar_Memset8_word       0x800'1edd         Code  Gb  ABImemset48.o [3]
__iar_copy_init3         0x800'1fb5   0x2c  Code  Gb  copy_init3.o [3]
__iar_data_init3         0x800'1fe1   0x28  Code  Gb  data_init.o [3]
__iar_program_start      0x800'20a5         Code  Gb  cstartup_M.o [3]
__iar_zero_init3         0x800'1063   0x3a  Code  Gb  zero_init3.o [3]
__low_level_init         0x800'204b    0x4  Code  Gb  low_level_init.o [2]
__vector_table           0x800'0000         Data  Gb  startup_stm32f103xe.o [1]
_call_main               0x800'2039         Code  Gb  cmain.o [3]
_exit                    0x800'2055         Code  Gb  cexit.o [3]
_main                    0x800'2047         Code  Gb  cmain.o [3]
exit                     0x800'204f    0x4  Code  Gb  exit.o [2]
frame_flag              0x2000'0322    0x1  Data  Gb  main.o [1]
frame_size              0x2000'0320    0x2  Data  Gb  main.o [1]
hdma_usart2_rx          0x2000'020c   0x44  Data  Gb  main.o [1]
hdma_usart2_tx          0x2000'0250   0x44  Data  Gb  main.o [1]
huart2                  0x2000'0294   0x40  Data  Gb  main.o [1]
idle_flag               0x2000'0323    0x1  Data  Lc  stm32f1xx_it.o [1]
local_cache             0x2000'010c  0x100  Data  Gb  main.o [1]
main                     0x800'1b19   0x44  Code  Gb  main.o [1]
usart_rx_dma_buffer     0x2000'02d4   0x40  Data  Gb  main.o [1]
usart_tx_dma_buffer     0x2000'000c  0x100  Data  Gb  main.o [1]
uwTick                  0x2000'0314    0x4  Data  Gb  stm32f1xx_hal.o [1]
uwTickFreq              0x2000'0008    0x1  Data  Gb  stm32f1xx_hal.o [1]
uwTickPrio              0x2000'0000    0x4  Data  Gb  stm32f1xx_hal.o [1]


[1] = \\Mac\Home\Desktop\STM32F103\code_prj\UART2_DMA\EWARM
[2] = dl7M_tlf.a
[3] = rt7M_tl.a
[4] = shb_l.a

  8 526 bytes of readonly  code memory
     90 bytes of readonly  data memory
  1 825 bytes of readwrite data memory

Errors: none
Warnings: none
